---
source: tui/src/display_preferences_menu.rs
expression: render_lines(&view)
---
                                                
  UI                                            
  These settings only affect local TUI renderi  
                                                
› 1. Hide Startup Tooltips  Currently visible.  
                            Hide first-run and  
                            local startup       
                            tooltip hints in    
                            this TUI.           
  2. Show Raw Thinking      Currently hidden.   
                            Reveal raw          
                            reasoning text in   
                            this TUI only.      
  3. Hide Tool Activity     Currently visible.  
                            Hide tool calls     
                            and result details  
                            in transcript       
                            cells.              
  4. Hide Hook Activity     Currently visible.  
                            Hide hook           
                            lifecycle messages  
                            and hook output     
                            details in the      
                            transcript.         
  5. Hide Patch Diffs       Currently visible.  
                            Collapse patch/     
                            edit diff           
                            summaries in        
                            transcript cells.   
                                                
  Model context and persisted rollout history   
  are unchanged.                                
  Press enter to confirm or esc to go back
