---
source: tui/src/app.rs
expression: popup
---
  Workflow
  Manage workflow files, jobs, and triggers directly.

  Type to search workflows
› Background Tasks                     Insert a background task snapshot into the transcript. /ps
                                       shows the same live workflow state.
  director - edit yaml                 Open manual.yaml in your editor.
  director - job - summarize           Workflow job
  director - job - notify              Workflow job
  director - trigger - review_backlog  Manual · Enabled
  director - trigger - triage          Manual · Enabled
  director - trigger - followup        After Turn (Success Only) · Enabled

  Press enter to confirm or esc to go back
