---
source: tui/src/app.rs
assertion_line: 12532
expression: popup
---
  Workflow
  Trigger workspace workflows and inspect current scheduler/runtime state.

  Type to search workflows
› Background Tasks           Insert a background task snapshot into the transcript. /ps shows the
                             same live workflow state.
  Manual Triggers            2 available
  director · review_backlog  Manual trigger · Running
  director · triage          Manual trigger · Queued
  Jobs                       2 available
  director · notify          Job run · Ready
  director · summarize       Job run · Ready

  Press enter to confirm or esc to go back
