---
source: tui/src/app.rs
expression: popup
---
  Workflow
  Manage workflow files, browse jobs, and inspect current background status.

  Type to search workflows
› Background Tasks  Insert a background task snapshot into the transcript. /ps shows the same live
                    workflow state.
  director          manual.yaml · 2 manual triggers · 2 jobs

  Press enter to confirm or esc to go back
