---
source: tui_app_server/src/bottom_pane/list_selection_view.rs
assertion_line: 1562
expression: render_lines(&view)
---
                                                
  Accounts                                      
  2 account(s) configured. Active: workspace-1  
                                                
› 1. Primary (current)  pri***@example.com ·    
                        plus · 5h 68/80 · week  
                        206/240                 
  2. Backup             bac***@example.com ·    
                        pro · invalid:          
                        deactivated workspace   
  3. Refresh Quota      Fetch the latest quota  
                        for the active ChatGPT  
                        account.                
  4. Refresh All Quota  Fetch the latest quota  
                        for every managed       
                        ChatGPT account.        
  5. Rename             Open alias rename       
                        actions for managed     
                        accounts.               
  6. Delete             Open deletion actions   
                        for managed accounts.   
                                                
  /tmp/codex-home/accounts.json                 
  Press enter to confirm or esc to go back
