---
source: tui_app_server/src/bottom_pane/list_selection_view.rs
expression: render_lines(&view)
---
                                                
  Control Panel                                 
  4 features available.                         
                                                
› 1. Sessions                Resume or switch   
                             saved chats.       
  2. Fork Current Session                       
  3. Accounts                                   
  4. Jump To Message                            
  5. Show / Hide UI                             
  6. Undo Last User Message                     
                                                
  Press enter to confirm or esc to go back
