---
source: tui/src/app/workflow_controls.rs
expression: popup
---
  Manual Triggers
  director · manual.yaml

  Type to search triggers
› Back                Return to the previous workflow menu.
  Edit workflow.yaml  Open manual.yaml in your editor.
  review_backlog      Enabled · Ready
  triage              Disabled · Ready

  Press enter to confirm or esc to go back
