---
source: tui/src/app/btw.rs
expression: "render_selection_popup(&view, 92, 20)"
---
TestBackend { buffer: Buffer {
    area: Rect { x: 0, y: 0, width: 92, height: 20 },
    content: [
        "                                                                                            ",
        "  Temporary BTW discussion                     Codex is answering in a hidden ephemeral     ",
        "  Running a hidden temporary discussion threa  thread. Nothing will be written back to the  ",
        "                                               main composer unless you explicitly choose   ",
        "› 1. Discard  Cancel and destroy the           an insert action.                            ",
        "              temporary discussion.                                                         ",
        "                                                                                            ",
        "                                                                                            ",
        "                                                                                            ",
        "                                                                                            ",
        "                                                                                            ",
        "                                                                                            ",
        "                                                                                            ",
        "                                                                                            ",
        "                                                                                            ",
        "                                                                                            ",
        "                                                                                            ",
        "                                                                                            ",
        "                                                                                            ",
        "  Press enter to confirm or esc to go back                                                  ",
    ],
    styles: [
        x: 0, y: 0, fg: Reset, bg: Reset, underline: Reset, modifier: NONE,
        x: 2, y: 1, fg: Reset, bg: Reset, underline: Reset, modifier: BOLD,
        x: 26, y: 1, fg: Reset, bg: Reset, underline: Reset, modifier: NONE,
        x: 2, y: 2, fg: Reset, bg: Reset, underline: Reset, modifier: DIM,
        x: 45, y: 2, fg: Reset, bg: Reset, underline: Reset, modifier: NONE,
        x: 0, y: 4, fg: Cyan, bg: Reset, underline: Reset, modifier: BOLD,
        x: 36, y: 4, fg: Reset, bg: Reset, underline: Reset, modifier: NONE,
        x: 0, y: 5, fg: Cyan, bg: Reset, underline: Reset, modifier: BOLD,
        x: 35, y: 5, fg: Reset, bg: Reset, underline: Reset, modifier: NONE,
        x: 2, y: 19, fg: Reset, bg: Reset, underline: Reset, modifier: DIM,
    ]
}, scrollback: Buffer {
    area: Rect { x: 0, y: 0, width: 92, height: 0 }
}, cursor: false, pos: (0, 0) }
