---
source: tui/src/app/profile_management.rs
expression: "render_selection_popup(&view, 96, 22)"
---
TestBackend { buffer: Buffer {
    area: Rect { x: 0, y: 0, width: 96, height: 22 },
    content: [
        "                                                                                                ",
        "  Profiles                                                                                      ",
        "  Current runtime: primary · 3 named profile(s).                                                ",
        "                                                                                                ",
        "  Type to search profiles                                                                       ",
        "› Default Config     Reload the current session with this profile while preserving input        ",
        "                     continuity.                                                                ",
        "  Fallback Config    2 profile(s) in route · active fallback: primary                           ",
        "  primary (current)  provider: OpenAI · https://api.primary.example/v1 · model: gpt-5 ·         ",
        "                     fallback #1                                                                ",
        "  secondary          provider: OpenAI · https://api.secondary.example/v1 · model: gpt-5 ·       ",
        "                     fallback #2                                                                ",
        "  tertiary           provider: OpenAI · https://api.tertiary.example/v1 · model: gpt-5 · not    ",
        "                     in fallback route                                                          ",
        "                                                                                                ",
        "                                                                                                ",
        "                                                                                                ",
        "                                                                                                ",
        "                                                                                                ",
        "                                                                                                ",
        "                                                                                                ",
        "  Press enter to confirm or esc to go back                                                      ",
    ],
    styles: [
        x: 0, y: 0, fg: Reset, bg: Reset, underline: Reset, modifier: NONE,
        x: 2, y: 1, fg: Reset, bg: Reset, underline: Reset, modifier: BOLD,
        x: 10, y: 1, fg: Reset, bg: Reset, underline: Reset, modifier: NONE,
        x: 2, y: 2, fg: Reset, bg: Reset, underline: Reset, modifier: DIM,
        x: 48, y: 2, fg: Reset, bg: Reset, underline: Reset, modifier: NONE,
        x: 2, y: 4, fg: Reset, bg: Reset, underline: Reset, modifier: DIM,
        x: 25, y: 4, fg: Reset, bg: Reset, underline: Reset, modifier: NONE,
        x: 0, y: 5, fg: Cyan, bg: Reset, underline: Reset, modifier: BOLD,
        x: 88, y: 5, fg: Reset, bg: Reset, underline: Reset, modifier: NONE,
        x: 0, y: 6, fg: Cyan, bg: Reset, underline: Reset, modifier: BOLD,
        x: 32, y: 6, fg: Reset, bg: Reset, underline: Reset, modifier: NONE,
        x: 21, y: 7, fg: Reset, bg: Reset, underline: Reset, modifier: DIM,
        x: 69, y: 7, fg: Reset, bg: Reset, underline: Reset, modifier: NONE,
        x: 0, y: 8, fg: Reset, bg: Reset, underline: Reset, modifier: DIM,
        x: 87, y: 8, fg: Reset, bg: Reset, underline: Reset, modifier: NONE,
        x: 0, y: 9, fg: Reset, bg: Reset, underline: Reset, modifier: DIM,
        x: 32, y: 9, fg: Reset, bg: Reset, underline: Reset, modifier: NONE,
        x: 21, y: 10, fg: Reset, bg: Reset, underline: Reset, modifier: DIM,
        x: 89, y: 10, fg: Reset, bg: Reset, underline: Reset, modifier: NONE,
        x: 21, y: 11, fg: Reset, bg: Reset, underline: Reset, modifier: DIM,
        x: 32, y: 11, fg: Reset, bg: Reset, underline: Reset, modifier: NONE,
        x: 21, y: 12, fg: Reset, bg: Reset, underline: Reset, modifier: DIM,
        x: 92, y: 12, fg: Reset, bg: Reset, underline: Reset, modifier: NONE,
        x: 21, y: 13, fg: Reset, bg: Reset, underline: Reset, modifier: DIM,
        x: 38, y: 13, fg: Reset, bg: Reset, underline: Reset, modifier: NONE,
        x: 2, y: 21, fg: Reset, bg: Reset, underline: Reset, modifier: DIM,
    ]
}, scrollback: Buffer {
    area: Rect { x: 0, y: 0, width: 96, height: 0 }
}, cursor: false, pos: (0, 0) }
