---
source: tui/src/app/tests/clawbot_tests.rs
expression: popup
---
  Clawbot
  active bindings: 2
  ws status: Unconfigured
  turn mode: interactive

› 1. Channels       Scan Feishu sessions, inspect bindings, and manage channel state.
  2. Configuration  4/12 configured · interactive
  3. Diagnostics    Unconfigured

  Press enter to confirm or esc to go back
