---
source: tui/src/bottom_pane/list_selection_view.rs
expression: render_lines(&view)
---
                                                
  Loop Manager                                  
  Create loop agent                             
                                                
› 1. One-Shot Loop         Schedule a loop that 
                           keeps firing, but    
                           uses a fresh hidden  
                           thread each run.     
  2. Persistent Loop                           
                                                
  Press enter to confirm or esc to go back      
