---
source: tui/src/bottom_pane/chat_composer.rs
assertion_line: 6545
expression: terminal.backend()
---
"                                                            "
"› /res                                                      "
"                                                            "
"                                                            "
"  /resume   resume a saved chat                             "
"  /respawn  restart Codex and resume this session           "
