---
source: tui/src/bottom_pane/list_selection_view.rs
expression: render_lines(&view)
---
                                                
  Clawbot                                       
  Session Actions · Alice                       
                                                
› 1. Disconnect      Unread cache is preserved  
                     ; only the session-thread  
                     binding is removed.        
  2. Flush Cached    Clear 3 cached inbound     
     Messages        messages for this session  
                     .                          
                                                
  /workspace/project/.codex/clawbot             
  Press enter to confirm or esc to go back
