---
source: tui/src/bottom_pane/list_selection_view.rs
expression: render_lines(&view)
---
                                                
  Control Panel                                 
  6 features available.                         
                                                
› 1. Accounts      Inspect the managed multi-   
                   account pool.                
  2. Sessions                                   
  3. Clawbot                                    
  4. Thread                                     
  5. Loop Manager                               
  6. UI                                         
                                                
  Press enter to confirm or esc to go back
