---
source: tui/src/bottom_pane/list_selection_view.rs
expression: render_lines(&view)
---
                                                
  Control Panel                                 
  7 features available.                         
                                                
› 1. Sessions                Resume or switch   
                             saved chats.       
  2. Fork Current Session                       
  3. Loop Manager                               
  4. Accounts                                   
  5. Jump To Message                            
  6. Show / Hide UI                             
  7. Undo Last User Message                     
                                                
  Press enter to confirm or esc to go back
