---
source: tui/src/bottom_pane/list_selection_view.rs
expression: render_lines(&view)
---
                                                
  Clawbot                                       
  Feishu private chat bridge · 3 sessions disc  
                                                
›    Sessions                   Inspect Feishu   
                                session status  
                                and run scan /  
                                clear           
                                operations.     
     Configuration              No Feishu       
                                credentials     
                                saved yet.      
     Bindings                   1 session-      
                                thread binding  
                                persisted.      
     Unread Cache               2 cached        
                                inbound         
                                messages        
                                awaiting        
                                binding or      
                                replay.         
                                                
  /workspace/project/.codex/clawbot             
  Press enter to confirm or esc to go back
